Grupo1@DESKTOP-D80OTB0 MINGW64 ~/GITLAB/Repo7
$ git init
Initialized empty Git repository in C:/Users/Grupo1.DESKTOP-D80OTB0/GITLAB/Repo7/.git/

Grupo1@DESKTOP-D80OTB0 MINGW64 ~/GITLAB/Repo7 (master)
$ git remote add origin https://github.com/User202420256/Prueba7.git

Grupo1@DESKTOP-D80OTB0 MINGW64 ~/GITLAB/Repo7 (master)
$ git status
On branch master

No commits yet

Untracked files:
  (use "git add <file>..." to include in what will be committed)
        Prueba7.txt

nothing added to commit but untracked files present (use "git add" to track)

Grupo1@DESKTOP-D80OTB0 MINGW64 ~/GITLAB/Repo7 (master)
$ git add .

Grupo1@DESKTOP-D80OTB0 MINGW64 ~/GITLAB/Repo7 (master)
$ git status
On branch master

No commits yet

Changes to be committed:
  (use "git rm --cached <file>..." to unstage)
        new file:   Prueba7.txt


Grupo1@DESKTOP-D80OTB0 MINGW64 ~/GITLAB/Repo7 (master)
$ git commit -m "intrucciones de git.txt"
[master (root-commit) bc449c8] intrucciones de git.txt
 1 file changed, 12 insertions(+)
 create mode 100644 Prueba7.txt

Grupo1@DESKTOP-D80OTB0 MINGW64 ~/GITLAB/Repo7 (master)
$ git push
fatal: The current branch master has no upstream branch.
To push the current branch and set the remote as upstream, use

    git push --set-upstream origin master

To have this happen automatically for branches without a tracking
upstream, see 'push.autoSetupRemote' in 'git help config'.


Grupo1@DESKTOP-D80OTB0 MINGW64 ~/GITLAB/Repo7 (master)
$ git push --set-upstream origin master
Enumerating objects: 3, done.
Counting objects: 100% (3/3), done.
Delta compression using up to 4 threads
Compressing objects: 100% (2/2), done.
Writing objects: 100% (3/3), 433 bytes | 216.00 KiB/s, done.
Total 3 (delta 0), reused 0 (delta 0), pack-reused 0 (from 0)
To https://github.com/User202420256/Prueba7.git
 * [new branch]      master -> master
branch 'master' set up to track 'origin/master'.

Grupo1@DESKTOP-D80OTB0 MINGW64 ~/GITLAB/Repo7 (master)
$
